******************************************************************************
                  MSP430 Linker PC v4.4.5                      
******************************************************************************
>> Linked Thu Jun 16 14:52:03 2016

OUTPUT FILE NAME:   <SP_SL.out>
ENTRY POINT SYMBOL: "_c_int00_noargs_noexit"  address: 0000d288


MEMORY CONFIGURATION

         name            origin    length      used     unused   attr    fill
----------------------  --------  ---------  --------  --------  ----  --------
  SFR                   00000000   00000010  00000000  00000010  RWIX
  PERIPHERALS_8BIT      00000010   000000f0  00000000  000000f0  RWIX
  PERIPHERALS_16BIT     00000100   00000100  00000000  00000100  RWIX
  RAM                   00000200   00000800  00000122  000006de  RWIX
  INFOD                 00001000   00000040  00000000  00000040  RWIX
  INFOC                 00001040   00000040  00000000  00000040  RWIX
  INFOB                 00001080   00000040  00000000  00000040  RWIX
  INFOA                 000010c0   00000040  00000000  00000040  RWIX
  FLASH                 0000c000   00003fde  000014a6  00002b38  RWIX
  INT00                 0000ffe0   00000002  00000000  00000002  RWIX
  INT01                 0000ffe2   00000002  00000000  00000002  RWIX
  INT02                 0000ffe4   00000002  00000002  00000000  RWIX
  INT03                 0000ffe6   00000002  00000002  00000000  RWIX
  INT04                 0000ffe8   00000002  00000000  00000002  RWIX
  INT05                 0000ffea   00000002  00000002  00000000  RWIX
  INT06                 0000ffec   00000002  00000002  00000000  RWIX
  INT07                 0000ffee   00000002  00000002  00000000  RWIX
  INT08                 0000fff0   00000002  00000002  00000000  RWIX
  INT09                 0000fff2   00000002  00000002  00000000  RWIX
  INT10                 0000fff4   00000002  00000002  00000000  RWIX
  INT11                 0000fff6   00000002  00000002  00000000  RWIX
  INT12                 0000fff8   00000002  00000002  00000000  RWIX
  INT13                 0000fffa   00000002  00000002  00000000  RWIX
  INT14                 0000fffc   00000002  00000002  00000000  RWIX
  RESET                 0000fffe   00000002  00000002  00000000  RWIX


SECTION ALLOCATION MAP

 output                                  attributes/
section   page    origin      length       input sections
--------  ----  ----------  ----------   ----------------
.bss       0    00000200    000000d2     UNINITIALIZED
                  00000200    0000005f     light.obj (.bss)
                  0000025f    00000001     --HOLE--
                  00000260    00000049     comm.obj (.bss)
                  000002a9    00000001     --HOLE--
                  000002aa    00000020     main.obj (.bss)
                  000002ca    00000008     core.obj (.bss)

.data      0    00000200    00000000     UNINITIALIZED

.stack     0    000009b0    00000050     UNINITIALIZED
                  000009b0    00000002     rts430.lib : boot.obj (.stack)
                  000009b2    0000004e     --HOLE--

.text      0    0000c000    000013a2     
                  0000c000    00000534     core.obj (.text:vCORE_Run)
                  0000c534    000000ca     main.obj (.text:vMain_FetchLabel)
                  0000c5fe    000000b4     comm.obj (.text:ucCOMM_SendByte)
                  0000c6b2    000000a4     comm.obj (.text:ucCOMM_ReceiveByte)
                  0000c756    000000a2     core.obj (.text:vCORE_Initilize)
                  0000c7f8    00000096     main.obj (.text:ucMain_FetchData)
                  0000c88e    00000088     light.obj (.text:unLIGHT_ReadChannel_3)
                  0000c916    00000086     light.obj (.text:unLIGHT_ReadChannel_1)
                  0000c99c    00000086     light.obj (.text:unLIGHT_ReadChannel_2)
                  0000ca22    00000086     light.obj (.text:unLIGHT_ReadChannel_4)
                  0000caa8    00000086     adc12.obj (.text:vADC12_Init)
                  0000cb2e    00000074     crc.obj (.text:ucCRC16_compute_msg_CRC)
                  0000cba2    00000072     core.obj (.text:unCORE_GetVoltage)
                  0000cc14    00000070     flash.obj (.text:vFlash_GetBSLPW)
                  0000cc84    00000054     comm.obj (.text:ucCOMM_GrabMessageFromBuffer)
                  0000ccd8    00000052     flash.obj (.text:ucFlash_SetHID)
                  0000cd2a    0000004c     rts430.lib : lsr16.obj (.text)
                  0000cd76    0000004c     comm.obj (.text:vCOMM_Init)
                  0000cdc2    00000048     rts430.lib : autoinit.obj (.text:_auto_init)
                  0000ce0a    00000044     main.obj (.text:vMain_CleanDataStruct)
                  0000ce4e    00000042     light.obj (.text:ADCConversion)
                  0000ce90    00000040     flash.obj (.text:vFlash_Write_Segment)
                  0000ced0    0000003e     comm.obj (.text:ucCOMM_WaitForStartCondition)
                  0000cf0e    0000003e     crc.obj (.text:vCRC16_updateNibble)
                  0000cf4c    0000003c     comm.obj (.text:ucCOMM_WaitForMessage)
                  0000cf88    0000003c     comm.obj (.text:vCOMM_SendMessage)
                  0000cfc4    0000003a     main.obj (.text:uiMainDispatch)
                  0000cffe    00000034     flash.obj (.text:ucFlash_Write_Byte)
                  0000d032    00000034     flash.obj (.text:vFlash_Read_Segment)
                  0000d066    0000002e     flash.obj (.text:vFlash_DisIncorrect_BSLPW_Erase)
                  0000d094    0000002c     rts430.lib : asr16.obj (.text)
                  0000d0c0    0000002c                : div16s.obj (.text)
                  0000d0ec    0000002c                : lsl16.obj (.text)
                  0000d118    0000002c     main.obj (.text:uiMain_SL1)
                  0000d144    0000002c     main.obj (.text:uiMain_SL2)
                  0000d170    0000002c     main.obj (.text:uiMain_SL3)
                  0000d19c    0000002c     main.obj (.text:uiMain_SL4)
                  0000d1c8    0000002c     core.obj (.text:vCORE_Send_ErrorMsg)
                  0000d1f4    00000028     flash.obj (.text:uiFlash_Read_Int)
                  0000d21c    00000028     core.obj (.text:vCORE_Send_ConfirmPKT)
                  0000d244    00000026     flash.obj (.text:vFlash_GetHID)
                  0000d26a    0000001e     flash.obj (.text:vFlash_Erase_Seg)
                  0000d288    0000001a     rts430.lib : boot_special.obj (.text:_c_int00_noargs_noexit)
                  0000d2a2    0000001a     crc.obj (.text:vCRC16_updateByte)
                  0000d2bc    00000018     main.obj (.text:main)
                  0000d2d4    00000018     main.obj (.text:uiMain_Test)
                  0000d2ec    00000018     flash.obj (.text:vFlash_init)
                  0000d304    00000016     rts430.lib : div16u.obj (.text)
                  0000d31a    00000012                : memcpy.obj (.text:memcpy)
                  0000d32c    00000012     main.obj (.text:ucMain_getTransducerType)
                  0000d33e    00000010     rts430.lib : epilog.obj (.text)
                  0000d34e    00000010     light.obj (.text:vLight_Init)
                  0000d35e    0000000a     light.obj (.text:vLight_Shutdown)
                  0000d368    00000006     rts430.lib : isr_trap.obj (.text:_isr:__TI_ISR_TRAP)
                  0000d36e    00000006     adc12.obj (.text:vADC12_Shutdown)
                  0000d374    00000004     rts430.lib : pre_init.obj (.text:_system_pre_init)
                  0000d378    00000004                : exit.obj (.text:abort)
                  0000d37c    00000004     main.obj (.text:ucMAIN_ReturnSensorType)
                  0000d380    00000004     main.obj (.text:ucMain_ShutdownAllowed)
                  0000d384    00000004     main.obj (.text:ucMain_getNumTransducers)
                  0000d388    00000004     main.obj (.text:ucMain_getSampleDuration)
                  0000d38c    00000002     irupt.obj (.text:COMPARATORA_ISR)
                  0000d38e    00000002     irupt.obj (.text:NMI_ISR)
                  0000d390    00000002     irupt.obj (.text:PORT1_ISR)
                  0000d392    00000002     irupt.obj (.text:TIMERA1_ISR)
                  0000d394    00000002     irupt.obj (.text:TIMERB0_ISR)
                  0000d396    00000002     irupt.obj (.text:TIMERB1_ISR)
                  0000d398    00000002     irupt.obj (.text:USCIAB0RX_ISR)
                  0000d39a    00000002     irupt.obj (.text:USCIAB0TX_ISR)
                  0000d39c    00000002     irupt.obj (.text:WDT_ISR)
                  0000d39e    00000002     main.obj (.text:vMAIN_RequestSensorType)
                  0000d3a0    00000002     main.obj (.text:vMain_EventTrigger)

.const     0    0000d3a2    0000008c     
                  0000d3a2    0000006c     main.obj (.const:.string)
                  0000d40e    00000010     crc.obj (.const:.string:ucCRC16_lookupHI)
                  0000d41e    00000010     crc.obj (.const:.string:ucCRC16_lookupLO)

.cinit     0    0000d42e    00000078     
                  0000d42e    00000075     light.obj (.cinit)
                  0000d4a3    00000001     --HOLE-- [fill = 0]
                  0000d4a4    00000002     (.pad.cinit) [fill = 0]

.pinit     0    0000c000    00000000     UNINITIALIZED

PORT1      0    0000ffe4    00000002     
                  0000ffe4    00000002     irupt.obj (.int02)

PORT2      0    0000ffe6    00000002     
                  0000ffe6    00000002     rts430.lib : int03.obj (.int03)

ADC12      0    0000ffea    00000002     
                  0000ffea    00000002     light.obj (.int05)

USCIAB0TX 
*          0    0000ffec    00000002     
                  0000ffec    00000002     irupt.obj (.int06)

USCIAB0RX 
*          0    0000ffee    00000002     
                  0000ffee    00000002     irupt.obj (.int07)

TIMERA1    0    0000fff0    00000002     
                  0000fff0    00000002     irupt.obj (.int08)

TIMERA0    0    0000fff2    00000002     
                  0000fff2    00000002     rts430.lib : int09.obj (.int09)

WDT        0    0000fff4    00000002     
                  0000fff4    00000002     irupt.obj (.int10)

COMPARATORA 
*          0    0000fff6    00000002     
                  0000fff6    00000002     irupt.obj (.int11)

TIMERB1    0    0000fff8    00000002     
                  0000fff8    00000002     irupt.obj (.int12)

TIMERB0    0    0000fffa    00000002     
                  0000fffa    00000002     irupt.obj (.int13)

NMI        0    0000fffc    00000002     
                  0000fffc    00000002     irupt.obj (.int14)

.reset     0    0000fffe    00000002     
                  0000fffe    00000002     rts430.lib : boot.obj (.reset)


GLOBAL SYMBOLS: SORTED ALPHABETICALLY BY Name 

address   name                           
-------   ----                           
00000200  .bss                           
00000200  .data                          
0000c000  .text                          
000001a0  ADC12CTL0                      
000001a2  ADC12CTL1                      
000001a6  ADC12IE                        
000001a4  ADC12IFG                       
000001a8  ADC12IV                        
00000080  ADC12MCTL0                     
00000081  ADC12MCTL1                     
0000008a  ADC12MCTL10                    
0000008b  ADC12MCTL11                    
0000008c  ADC12MCTL12                    
0000008d  ADC12MCTL13                    
0000008e  ADC12MCTL14                    
0000008f  ADC12MCTL15                    
00000082  ADC12MCTL2                     
00000083  ADC12MCTL3                     
00000084  ADC12MCTL4                     
00000085  ADC12MCTL5                     
00000086  ADC12MCTL6                     
00000087  ADC12MCTL7                     
00000088  ADC12MCTL8                     
00000089  ADC12MCTL9                     
00000140  ADC12MEM0                      
00000142  ADC12MEM1                      
00000154  ADC12MEM10                     
00000156  ADC12MEM11                     
00000158  ADC12MEM12                     
0000015a  ADC12MEM13                     
0000015c  ADC12MEM14                     
0000015e  ADC12MEM15                     
00000144  ADC12MEM2                      
00000146  ADC12MEM3                      
00000148  ADC12MEM4                      
0000014a  ADC12MEM5                      
0000014c  ADC12MEM6                      
0000014e  ADC12MEM7                      
00000150  ADC12MEM8                      
00000152  ADC12MEM9                      
0000ce4e  ADCConversion                  
00000057  BCSCTL1                        
00000058  BCSCTL2                        
00000053  BCSCTL3                        
0000d378  C$$EXIT                        
00000059  CACTL1                         
0000005a  CACTL2                         
000010fb  CALBC1_12MHZ                   
000010f9  CALBC1_16MHZ                   
000010ff  CALBC1_1MHZ                    
000010fd  CALBC1_8MHZ                    
000010fa  CALDCO_12MHZ                   
000010f8  CALDCO_16MHZ                   
000010fe  CALDCO_1MHZ                    
000010fc  CALDCO_8MHZ                    
0000005b  CAPD                           
0000d38c  COMPARATORA_ISR                
00000056  DCOCTL                         
00000128  FCTL1                          
0000012a  FCTL2                          
0000012c  FCTL3                          
000001be  FCTL4                          
00000000  IE1                            
00000001  IE2                            
00000002  IFG1                           
00000003  IFG2                           
0000d094  I_ASR                          
0000d0bc  I_ASR_1                        
0000d0aa  I_ASR_10                       
0000d0a8  I_ASR_11                       
0000d0a6  I_ASR_12                       
0000d0a4  I_ASR_13                       
0000d0a2  I_ASR_14                       
0000d0a0  I_ASR_15                       
0000d0ba  I_ASR_2                        
0000d0b8  I_ASR_3                        
0000d0b6  I_ASR_4                        
0000d0b4  I_ASR_5                        
0000d0b2  I_ASR_6                        
0000d0b0  I_ASR_7                        
0000d0ae  I_ASR_8                        
0000d0ac  I_ASR_9                        
0000d0ec  I_LSL                          
0000d114  I_LSL_1                        
0000d102  I_LSL_10                       
0000d100  I_LSL_11                       
0000d0fe  I_LSL_12                       
0000d0fc  I_LSL_13                       
0000d0fa  I_LSL_14                       
0000d0f8  I_LSL_15                       
0000d112  I_LSL_2                        
0000d110  I_LSL_3                        
0000d10e  I_LSL_4                        
0000d10c  I_LSL_5                        
0000d10a  I_LSL_6                        
0000d108  I_LSL_7                        
0000d106  I_LSL_8                        
0000d104  I_LSL_9                        
0000cd2a  I_LSR                          
0000cd70  I_LSR_1                        
0000cd4c  I_LSR_10                       
0000cd48  I_LSR_11                       
0000cd44  I_LSR_12                       
0000cd40  I_LSR_13                       
0000cd3c  I_LSR_14                       
0000cd38  I_LSR_15                       
0000cd6c  I_LSR_2                        
0000cd68  I_LSR_3                        
0000cd64  I_LSR_4                        
0000cd60  I_LSR_5                        
0000cd5c  I_LSR_6                        
0000cd58  I_LSR_7                        
0000cd54  I_LSR_8                        
0000cd50  I_LSR_9                        
00000134  MAC                            
00000136  MACS                           
00000130  MPY                            
00000132  MPYS                           
0000d38e  NMI_ISR                        
00000138  OP2                            
00000022  P1DIR                          
00000025  P1IE                           
00000024  P1IES                          
00000023  P1IFG                          
00000020  P1IN                           
00000021  P1OUT                          
00000027  P1REN                          
00000026  P1SEL                          
0000002a  P2DIR                          
0000002d  P2IE                           
0000002c  P2IES                          
0000002b  P2IFG                          
00000028  P2IN                           
00000029  P2OUT                          
0000002f  P2REN                          
0000002e  P2SEL                          
0000001a  P3DIR                          
00000018  P3IN                           
00000019  P3OUT                          
00000010  P3REN                          
0000001b  P3SEL                          
0000001e  P4DIR                          
0000001c  P4IN                           
0000001d  P4OUT                          
00000011  P4REN                          
0000001f  P4SEL                          
00000032  P5DIR                          
00000030  P5IN                           
00000031  P5OUT                          
00000012  P5REN                          
00000033  P5SEL                          
00000036  P6DIR                          
00000034  P6IN                           
00000035  P6OUT                          
00000013  P6REN                          
00000037  P6SEL                          
0000d390  PORT1_ISR                      
0000013c  RESHI                          
0000013a  RESLO                          
0000013e  SUMEXT                         
00000055  SVSCTL                         
000002b2  S_Report                       
00000172  TACCR0                         
00000174  TACCR1                         
00000176  TACCR2                         
00000162  TACCTL0                        
00000164  TACCTL1                        
00000166  TACCTL2                        
00000160  TACTL                          
0000012e  TAIV                           
00000170  TAR                            
00000192  TBCCR0                         
00000194  TBCCR1                         
00000196  TBCCR2                         
00000182  TBCCTL0                        
00000184  TBCCTL1                        
00000186  TBCCTL2                        
00000180  TBCTL                          
0000011e  TBIV                           
00000190  TBR                            
0000d392  TIMERA1_ISR                    
0000d394  TIMERB0_ISR                    
0000d396  TIMERB1_ISR                    
000010db  TLV_ADC12_1_LEN                
000010da  TLV_ADC12_1_TAG                
000010c0  TLV_CHECKSUM                   
000010f7  TLV_DCO_30_LEN                 
000010f6  TLV_DCO_30_TAG                 
0000005d  UCA0ABCTL                      
00000062  UCA0BR0                        
00000063  UCA0BR1                        
00000060  UCA0CTL0                       
00000061  UCA0CTL1                       
0000005f  UCA0IRRCTL                     
0000005e  UCA0IRTCTL                     
00000064  UCA0MCTL                       
00000066  UCA0RXBUF                      
00000065  UCA0STAT                       
00000067  UCA0TXBUF                      
0000006a  UCB0BR0                        
0000006b  UCB0BR1                        
00000068  UCB0CTL0                       
00000069  UCB0CTL1                       
0000006c  UCB0I2CIE                      
00000118  UCB0I2COA                      
0000011a  UCB0I2CSA                      
0000006e  UCB0RXBUF                      
0000006d  UCB0STAT                       
0000006f  UCB0TXBUF                      
0000d398  USCIAB0RX_ISR                  
0000d39a  USCIAB0TX_ISR                  
00000120  WDTCTL                         
0000d39c  WDT_ISR                        
00000a00  __STACK_END                    
00000050  __STACK_SIZE                   
0000d368  __TI_ISR_TRAP                  
0000ffe4  __TI_int02                     
0000ffe6  __TI_int03                     
0000ffea  __TI_int05                     
0000ffec  __TI_int06                     
0000ffee  __TI_int07                     
0000fff0  __TI_int08                     
0000fff2  __TI_int09                     
0000fff4  __TI_int10                     
0000fff6  __TI_int11                     
0000fff8  __TI_int12                     
0000fffa  __TI_int13                     
0000fffc  __TI_int14                     
ffffffff  __binit__                      
00000200  __bss__                        
ffffffff  __c_args__                     
0000d42e  __cinit__                      
00000200  __data__                       
0000d0c0  __divi                         
0000d304  __divu                         
00000200  __edata__                      
000002d2  __end__                        
0000d3a2  __etext__                      
ffffffff  __pinit__                      
0000d0c0  __remi                         
0000d304  __remu                         
0000c000  __text__                       
0000cdc2  _auto_init                     
0000d288  _c_int00_noargs_noexit         
0000fffe  _reset_vector                  
000009b0  _stack                         
0000d374  _system_pre_init               
0000d378  abort                          
ffffffff  binit                          
0000d42e  cinit                          
00000200  edata                          
000002d2  end                            
0000d3a2  etext                          
0000d34a  func_epilog_1                  
0000d348  func_epilog_2                  
0000d346  func_epilog_3                  
0000d344  func_epilog_4                  
0000d342  func_epilog_5                  
0000d340  func_epilog_6                  
0000d33e  func_epilog_7                  
00000210  g_DeviceTransducers            
000002b0  g_iVLOCal                      
00000260  g_ucCOMM_Flags                 
000002ae  g_ucEventTrigger               
000002a7  g_ucRXBitsLeft                 
000002a6  g_ucRXBufferIndex              
00000266  g_ucaRXBuffer                  
00000200  g_ucaSoftwareVersion           
000002aa  g_uiAveCounter                 
0000025e  g_uiCounter                    
000002ac  g_uiDummDumm                   
00000252  g_unADChannelA1                
00000254  g_unADChannelA2                
00000256  g_unADChannelA3                
00000258  g_unADChannelA4                
00000250  g_unActiveChannelRequest       
00000262  g_unCOMM_BaudRateControl       
00000264  g_unCOMM_BaudRateDelayControl  
0000025a  g_unTest1                      
0000025c  g_unTest2                      
0000d2bc  main                           
0000d31a  memcpy                         
ffffffff  pinit                          
0000cc84  ucCOMM_GrabMessageFromBuffer   
0000c6b2  ucCOMM_ReceiveByte             
0000c5fe  ucCOMM_SendByte                
0000cf4c  ucCOMM_WaitForMessage          
0000ced0  ucCOMM_WaitForStartCondition   
0000cb2e  ucCRC16_compute_msg_CRC        
0000d40e  ucCRC16_lookupHI               
0000d41e  ucCRC16_lookupLO               
0000ccd8  ucFlash_SetHID                 
0000d37c  ucMAIN_ReturnSensorType        
0000c7f8  ucMain_FetchData               
0000d380  ucMain_ShutdownAllowed         
0000d384  ucMain_getNumTransducers       
0000d388  ucMain_getSampleDuration       
0000d32c  ucMain_getTransducerType       
000002a8  ucRXParityBit                  
000002ca  uiHID                          
0000cfc4  uiMainDispatch                 
0000d118  uiMain_SL1                     
0000d144  uiMain_SL2                     
0000d170  uiMain_SL3                     
0000d19c  uiMain_SL4                     
0000d2d4  uiMain_Test                    
0000cba2  unCORE_GetVoltage              
0000c916  unLIGHT_ReadChannel_1          
0000c99c  unLIGHT_ReadChannel_2          
0000c88e  unLIGHT_ReadChannel_3          
0000ca22  unLIGHT_ReadChannel_4          
0000caa8  vADC12_Init                    
0000d36e  vADC12_Shutdown                
0000cd76  vCOMM_Init                     
0000cf88  vCOMM_SendMessage              
0000c756  vCORE_Initilize                
0000c000  vCORE_Run                      
0000d21c  vCORE_Send_ConfirmPKT          
0000d1c8  vCORE_Send_ErrorMsg            
0000d2a2  vCRC16_updateByte              
0000cf0e  vCRC16_updateNibble            
0000d066  vFlash_DisIncorrect_BSLPW_Erase
0000d26a  vFlash_Erase_Seg               
0000cc14  vFlash_GetBSLPW                
0000d244  vFlash_GetHID                  
0000d032  vFlash_Read_Segment            
0000d2ec  vFlash_init                    
0000d34e  vLight_Init                    
0000d35e  vLight_Shutdown                
0000d39e  vMAIN_RequestSensorType        
0000ce0a  vMain_CleanDataStruct          
0000d3a0  vMain_EventTrigger             
0000c534  vMain_FetchLabel               


GLOBAL SYMBOLS: SORTED BY Symbol Address 

address   name                           
-------   ----                           
00000000  IE1                            
00000001  IE2                            
00000002  IFG1                           
00000003  IFG2                           
00000010  P3REN                          
00000011  P4REN                          
00000012  P5REN                          
00000013  P6REN                          
00000018  P3IN                           
00000019  P3OUT                          
0000001a  P3DIR                          
0000001b  P3SEL                          
0000001c  P4IN                           
0000001d  P4OUT                          
0000001e  P4DIR                          
0000001f  P4SEL                          
00000020  P1IN                           
00000021  P1OUT                          
00000022  P1DIR                          
00000023  P1IFG                          
00000024  P1IES                          
00000025  P1IE                           
00000026  P1SEL                          
00000027  P1REN                          
00000028  P2IN                           
00000029  P2OUT                          
0000002a  P2DIR                          
0000002b  P2IFG                          
0000002c  P2IES                          
0000002d  P2IE                           
0000002e  P2SEL                          
0000002f  P2REN                          
00000030  P5IN                           
00000031  P5OUT                          
00000032  P5DIR                          
00000033  P5SEL                          
00000034  P6IN                           
00000035  P6OUT                          
00000036  P6DIR                          
00000037  P6SEL                          
00000050  __STACK_SIZE                   
00000053  BCSCTL3                        
00000055  SVSCTL                         
00000056  DCOCTL                         
00000057  BCSCTL1                        
00000058  BCSCTL2                        
00000059  CACTL1                         
0000005a  CACTL2                         
0000005b  CAPD                           
0000005d  UCA0ABCTL                      
0000005e  UCA0IRTCTL                     
0000005f  UCA0IRRCTL                     
00000060  UCA0CTL0                       
00000061  UCA0CTL1                       
00000062  UCA0BR0                        
00000063  UCA0BR1                        
00000064  UCA0MCTL                       
00000065  UCA0STAT                       
00000066  UCA0RXBUF                      
00000067  UCA0TXBUF                      
00000068  UCB0CTL0                       
00000069  UCB0CTL1                       
0000006a  UCB0BR0                        
0000006b  UCB0BR1                        
0000006c  UCB0I2CIE                      
0000006d  UCB0STAT                       
0000006e  UCB0RXBUF                      
0000006f  UCB0TXBUF                      
00000080  ADC12MCTL0                     
00000081  ADC12MCTL1                     
00000082  ADC12MCTL2                     
00000083  ADC12MCTL3                     
00000084  ADC12MCTL4                     
00000085  ADC12MCTL5                     
00000086  ADC12MCTL6                     
00000087  ADC12MCTL7                     
00000088  ADC12MCTL8                     
00000089  ADC12MCTL9                     
0000008a  ADC12MCTL10                    
0000008b  ADC12MCTL11                    
0000008c  ADC12MCTL12                    
0000008d  ADC12MCTL13                    
0000008e  ADC12MCTL14                    
0000008f  ADC12MCTL15                    
00000118  UCB0I2COA                      
0000011a  UCB0I2CSA                      
0000011e  TBIV                           
00000120  WDTCTL                         
00000128  FCTL1                          
0000012a  FCTL2                          
0000012c  FCTL3                          
0000012e  TAIV                           
00000130  MPY                            
00000132  MPYS                           
00000134  MAC                            
00000136  MACS                           
00000138  OP2                            
0000013a  RESLO                          
0000013c  RESHI                          
0000013e  SUMEXT                         
00000140  ADC12MEM0                      
00000142  ADC12MEM1                      
00000144  ADC12MEM2                      
00000146  ADC12MEM3                      
00000148  ADC12MEM4                      
0000014a  ADC12MEM5                      
0000014c  ADC12MEM6                      
0000014e  ADC12MEM7                      
00000150  ADC12MEM8                      
00000152  ADC12MEM9                      
00000154  ADC12MEM10                     
00000156  ADC12MEM11                     
00000158  ADC12MEM12                     
0000015a  ADC12MEM13                     
0000015c  ADC12MEM14                     
0000015e  ADC12MEM15                     
00000160  TACTL                          
00000162  TACCTL0                        
00000164  TACCTL1                        
00000166  TACCTL2                        
00000170  TAR                            
00000172  TACCR0                         
00000174  TACCR1                         
00000176  TACCR2                         
00000180  TBCTL                          
00000182  TBCCTL0                        
00000184  TBCCTL1                        
00000186  TBCCTL2                        
00000190  TBR                            
00000192  TBCCR0                         
00000194  TBCCR1                         
00000196  TBCCR2                         
000001a0  ADC12CTL0                      
000001a2  ADC12CTL1                      
000001a4  ADC12IFG                       
000001a6  ADC12IE                        
000001a8  ADC12IV                        
000001be  FCTL4                          
00000200  .bss                           
00000200  .data                          
00000200  __bss__                        
00000200  __data__                       
00000200  __edata__                      
00000200  edata                          
00000200  g_ucaSoftwareVersion           
00000210  g_DeviceTransducers            
00000250  g_unActiveChannelRequest       
00000252  g_unADChannelA1                
00000254  g_unADChannelA2                
00000256  g_unADChannelA3                
00000258  g_unADChannelA4                
0000025a  g_unTest1                      
0000025c  g_unTest2                      
0000025e  g_uiCounter                    
00000260  g_ucCOMM_Flags                 
00000262  g_unCOMM_BaudRateControl       
00000264  g_unCOMM_BaudRateDelayControl  
00000266  g_ucaRXBuffer                  
000002a6  g_ucRXBufferIndex              
000002a7  g_ucRXBitsLeft                 
000002a8  ucRXParityBit                  
000002aa  g_uiAveCounter                 
000002ac  g_uiDummDumm                   
000002ae  g_ucEventTrigger               
000002b0  g_iVLOCal                      
000002b2  S_Report                       
000002ca  uiHID                          
000002d2  __end__                        
000002d2  end                            
000009b0  _stack                         
00000a00  __STACK_END                    
000010c0  TLV_CHECKSUM                   
000010da  TLV_ADC12_1_TAG                
000010db  TLV_ADC12_1_LEN                
000010f6  TLV_DCO_30_TAG                 
000010f7  TLV_DCO_30_LEN                 
000010f8  CALDCO_16MHZ                   
000010f9  CALBC1_16MHZ                   
000010fa  CALDCO_12MHZ                   
000010fb  CALBC1_12MHZ                   
000010fc  CALDCO_8MHZ                    
000010fd  CALBC1_8MHZ                    
000010fe  CALDCO_1MHZ                    
000010ff  CALBC1_1MHZ                    
0000c000  .text                          
0000c000  __text__                       
0000c000  vCORE_Run                      
0000c534  vMain_FetchLabel               
0000c5fe  ucCOMM_SendByte                
0000c6b2  ucCOMM_ReceiveByte             
0000c756  vCORE_Initilize                
0000c7f8  ucMain_FetchData               
0000c88e  unLIGHT_ReadChannel_3          
0000c916  unLIGHT_ReadChannel_1          
0000c99c  unLIGHT_ReadChannel_2          
0000ca22  unLIGHT_ReadChannel_4          
0000caa8  vADC12_Init                    
0000cb2e  ucCRC16_compute_msg_CRC        
0000cba2  unCORE_GetVoltage              
0000cc14  vFlash_GetBSLPW                
0000cc84  ucCOMM_GrabMessageFromBuffer   
0000ccd8  ucFlash_SetHID                 
0000cd2a  I_LSR                          
0000cd38  I_LSR_15                       
0000cd3c  I_LSR_14                       
0000cd40  I_LSR_13                       
0000cd44  I_LSR_12                       
0000cd48  I_LSR_11                       
0000cd4c  I_LSR_10                       
0000cd50  I_LSR_9                        
0000cd54  I_LSR_8                        
0000cd58  I_LSR_7                        
0000cd5c  I_LSR_6                        
0000cd60  I_LSR_5                        
0000cd64  I_LSR_4                        
0000cd68  I_LSR_3                        
0000cd6c  I_LSR_2                        
0000cd70  I_LSR_1                        
0000cd76  vCOMM_Init                     
0000cdc2  _auto_init                     
0000ce0a  vMain_CleanDataStruct          
0000ce4e  ADCConversion                  
0000ced0  ucCOMM_WaitForStartCondition   
0000cf0e  vCRC16_updateNibble            
0000cf4c  ucCOMM_WaitForMessage          
0000cf88  vCOMM_SendMessage              
0000cfc4  uiMainDispatch                 
0000d032  vFlash_Read_Segment            
0000d066  vFlash_DisIncorrect_BSLPW_Erase
0000d094  I_ASR                          
0000d0a0  I_ASR_15                       
0000d0a2  I_ASR_14                       
0000d0a4  I_ASR_13                       
0000d0a6  I_ASR_12                       
0000d0a8  I_ASR_11                       
0000d0aa  I_ASR_10                       
0000d0ac  I_ASR_9                        
0000d0ae  I_ASR_8                        
0000d0b0  I_ASR_7                        
0000d0b2  I_ASR_6                        
0000d0b4  I_ASR_5                        
0000d0b6  I_ASR_4                        
0000d0b8  I_ASR_3                        
0000d0ba  I_ASR_2                        
0000d0bc  I_ASR_1                        
0000d0c0  __divi                         
0000d0c0  __remi                         
0000d0ec  I_LSL                          
0000d0f8  I_LSL_15                       
0000d0fa  I_LSL_14                       
0000d0fc  I_LSL_13                       
0000d0fe  I_LSL_12                       
0000d100  I_LSL_11                       
0000d102  I_LSL_10                       
0000d104  I_LSL_9                        
0000d106  I_LSL_8                        
0000d108  I_LSL_7                        
0000d10a  I_LSL_6                        
0000d10c  I_LSL_5                        
0000d10e  I_LSL_4                        
0000d110  I_LSL_3                        
0000d112  I_LSL_2                        
0000d114  I_LSL_1                        
0000d118  uiMain_SL1                     
0000d144  uiMain_SL2                     
0000d170  uiMain_SL3                     
0000d19c  uiMain_SL4                     
0000d1c8  vCORE_Send_ErrorMsg            
0000d21c  vCORE_Send_ConfirmPKT          
0000d244  vFlash_GetHID                  
0000d26a  vFlash_Erase_Seg               
0000d288  _c_int00_noargs_noexit         
0000d2a2  vCRC16_updateByte              
0000d2bc  main                           
0000d2d4  uiMain_Test                    
0000d2ec  vFlash_init                    
0000d304  __divu                         
0000d304  __remu                         
0000d31a  memcpy                         
0000d32c  ucMain_getTransducerType       
0000d33e  func_epilog_7                  
0000d340  func_epilog_6                  
0000d342  func_epilog_5                  
0000d344  func_epilog_4                  
0000d346  func_epilog_3                  
0000d348  func_epilog_2                  
0000d34a  func_epilog_1                  
0000d34e  vLight_Init                    
0000d35e  vLight_Shutdown                
0000d368  __TI_ISR_TRAP                  
0000d36e  vADC12_Shutdown                
0000d374  _system_pre_init               
0000d378  C$$EXIT                        
0000d378  abort                          
0000d37c  ucMAIN_ReturnSensorType        
0000d380  ucMain_ShutdownAllowed         
0000d384  ucMain_getNumTransducers       
0000d388  ucMain_getSampleDuration       
0000d38c  COMPARATORA_ISR                
0000d38e  NMI_ISR                        
0000d390  PORT1_ISR                      
0000d392  TIMERA1_ISR                    
0000d394  TIMERB0_ISR                    
0000d396  TIMERB1_ISR                    
0000d398  USCIAB0RX_ISR                  
0000d39a  USCIAB0TX_ISR                  
0000d39c  WDT_ISR                        
0000d39e  vMAIN_RequestSensorType        
0000d3a0  vMain_EventTrigger             
0000d3a2  __etext__                      
0000d3a2  etext                          
0000d40e  ucCRC16_lookupHI               
0000d41e  ucCRC16_lookupLO               
0000d42e  __cinit__                      
0000d42e  cinit                          
0000ffe4  __TI_int02                     
0000ffe6  __TI_int03                     
0000ffea  __TI_int05                     
0000ffec  __TI_int06                     
0000ffee  __TI_int07                     
0000fff0  __TI_int08                     
0000fff2  __TI_int09                     
0000fff4  __TI_int10                     
0000fff6  __TI_int11                     
0000fff8  __TI_int12                     
0000fffa  __TI_int13                     
0000fffc  __TI_int14                     
0000fffe  _reset_vector                  
ffffffff  __binit__                      
ffffffff  __c_args__                     
ffffffff  __pinit__                      
ffffffff  binit                          
ffffffff  pinit                          

[333 symbols]
