******************************************************************************
                  MSP430 Linker PC v4.1.1                      
******************************************************************************
>> Linked Tue Feb 11 13:40:22 2014

OUTPUT FILE NAME:   <SP_SL_Rev_2(comm update).out>
ENTRY POINT SYMBOL: "_c_int00"  address: 0000d068


MEMORY CONFIGURATION

         name            origin    length      used     unused   attr    fill
----------------------  --------  ---------  --------  --------  ----  --------
  SFR                   00000000   00000010  00000000  00000010  RWIX
  PERIPHERALS_8BIT      00000010   000000f0  00000000  000000f0  RWIX
  PERIPHERALS_16BIT     00000100   00000100  00000000  00000100  RWIX
  RAM                   00000200   00000800  00000170  00000690  RWIX
  INFOD                 00001000   00000040  00000000  00000040  RWIX
  INFOC                 00001040   00000040  00000000  00000040  RWIX
  INFOB                 00001080   00000040  00000000  00000040  RWIX
  INFOA                 000010c0   00000040  00000000  00000040  RWIX
  FLASH                 0000c000   00003fde  00001490  00002b4e  RWIX
  INT00                 0000ffe0   00000002  00000000  00000002  RWIX
  INT01                 0000ffe2   00000002  00000000  00000002  RWIX
  INT02                 0000ffe4   00000002  00000002  00000000  RWIX
  INT03                 0000ffe6   00000002  00000002  00000000  RWIX
  INT04                 0000ffe8   00000002  00000000  00000002  RWIX
  INT05                 0000ffea   00000002  00000002  00000000  RWIX
  INT06                 0000ffec   00000002  00000002  00000000  RWIX
  INT07                 0000ffee   00000002  00000002  00000000  RWIX
  INT08                 0000fff0   00000002  00000002  00000000  RWIX
  INT09                 0000fff2   00000002  00000002  00000000  RWIX
  INT10                 0000fff4   00000002  00000002  00000000  RWIX
  INT11                 0000fff6   00000002  00000002  00000000  RWIX
  INT12                 0000fff8   00000002  00000002  00000000  RWIX
  INT13                 0000fffa   00000002  00000002  00000000  RWIX
  INT14                 0000fffc   00000002  00000002  00000000  RWIX
  RESET                 0000fffe   00000002  00000002  00000000  RWIX


SECTION ALLOCATION MAP

 output                                  attributes/
section   page    origin      length       input sections
--------  ----  ----------  ----------   ----------------
.pinit     0    0000c000    00000000     UNINITIALIZED

.bss       0    00000200    00000120     UNINITIALIZED
                  00000200    00000088     core.obj (.bss)
                  00000288    0000005f     light.obj (.bss)
                  000002e7    00000001     --HOLE--
                  000002e8    00000029     comm.obj (.bss)
                  00000311    00000001     --HOLE--
                  00000312    00000006     main.obj (.bss)
                  00000318    00000004     rts430.lib : _lock.obj (.bss)
                  0000031c    00000004                : boot.obj (.bss)

.data      0    00000200    00000000     UNINITIALIZED

.stack     0    000009b0    00000050     UNINITIALIZED
                  000009b0    00000002     rts430.lib : boot.obj (.stack)
                  000009b2    0000004e     --HOLE--

.text      0    0000c000    000012ae     
                  0000c000    000004e8     core.obj (.text:vCORE_Run)
                  0000c4e8    000000dc     comm.obj (.text:TIMERA0_ISR)
                  0000c5c4    000000da     comm.obj (.text:vCOMM_Init)
                  0000c69e    000000ae     core.obj (.text:vCORE_Initilize)
                  0000c74c    00000096     comm.obj (.text:vCOMM_SendByte)
                  0000c7e2    00000092     adc12.obj (.text:vADC12_Init)
                  0000c874    00000088     light.obj (.text:unLIGHT_ReadChannel_3)
                  0000c8fc    00000086     light.obj (.text:unLIGHT_ReadChannel_1)
                  0000c982    00000086     light.obj (.text:unLIGHT_ReadChannel_2)
                  0000ca08    00000086     light.obj (.text:unLIGHT_ReadChannel_4)
                  0000ca8e    00000076     flash.obj (.text:vFlash_GetBSLPW)
                  0000cb04    00000074     comm.obj (.text:PORT2_ISR)
                  0000cb78    00000072     core.obj (.text:unCORE_GetVoltage)
                  0000cbea    00000062     core.obj (.text:vCORE_InitilizeTransducerTable)
                  0000cc4c    00000052     main.obj (.text:main_SL43_SL12)
                  0000cc9e    00000046     rts430.lib : autoinit.obj (.text:_auto_init)
                  0000cce4    00000042     light.obj (.text:ADCConversion)
                  0000cd26    00000042     main.obj (.text:main_SL3_SL12)
                  0000cd68    00000042     main.obj (.text:main_SL43_SL1)
                  0000cdaa    00000042     main.obj (.text:main_SL43_SL2)
                  0000cdec    00000042     main.obj (.text:main_SL4_SL12)
                  0000ce2e    00000036     flash.obj (.text:ucFlash_Write_Byte)
                  0000ce64    00000032     main.obj (.text:main_SL12)
                  0000ce96    00000032     main.obj (.text:main_SL3_SL1)
                  0000cec8    00000032     main.obj (.text:main_SL3_SL2)
                  0000cefa    00000032     main.obj (.text:main_SL43)
                  0000cf2c    00000032     main.obj (.text:main_SL4_SL1)
                  0000cf5e    00000032     main.obj (.text:main_SL4_SL2)
                  0000cf90    0000002e     flash.obj (.text:vFlash_DisIncorrect_BSLPW_Erase)
                  0000cfbe    0000002c     rts430.lib : asr16.obj (.text)
                  0000cfea    0000002c                : div16s.obj (.text)
                  0000d016    0000002a     comm.obj (.text:ucCOMM_Grab32BitDataMessageFromBuffer)
                  0000d040    00000028     flash.obj (.text:uiFlash_Read_Int)
                  0000d068    00000026     rts430.lib : boot.obj (.text:_c_int00_noexit)
                  0000d08e    00000024     comm.obj (.text:vCOMM_Send128BitDataMessage)
                  0000d0b2    00000024     comm.obj (.text:vCOMM_Send256BitDataMessage)
                  0000d0d6    00000024     comm.obj (.text:vCOMM_SendLabelMessage)
                  0000d0fa    00000022     main.obj (.text:main_SL1)
                  0000d11c    00000022     main.obj (.text:main_SL2)
                  0000d13e    00000022     main.obj (.text:main_SL3)
                  0000d160    00000022     main.obj (.text:main_SL4)
                  0000d182    00000022     flash.obj (.text:ulFlash_GetSPID)
                  0000d1a4    00000020     comm.obj (.text:vCOMM_Send32BitDataMessage)
                  0000d1c4    0000001c     main.obj (.text:main_Test)
                  0000d1e0    0000001a     core.obj (.text:vCORE_Send_ConfirmPKT)
                  0000d1fa    00000016     rts430.lib : div16u.obj (.text)
                  0000d210    00000016     flash.obj (.text:vFlash_init)
                  0000d226    00000014     main.obj (.text:main)
                  0000d23a    00000012     rts430.lib : memcpy.obj (.text:memcpy)
                  0000d24c    00000012     comm.obj (.text:vCOMM_WaitFor32BitDataMessage)
                  0000d25e    00000010     rts430.lib : epilog.obj (.text)
                  0000d26e    00000010     light.obj (.text:vLight_Init)
                  0000d27e    0000000a     adc12.obj (.text:vADC12_Shutdown)
                  0000d288    0000000a     light.obj (.text:vLight_Shutdown)
                  0000d292    00000004     rts430.lib : pre_init.obj (.text:_system_pre_init)
                  0000d296    00000004                : exit.obj (.text:abort)
                  0000d29a    00000002     irupt.obj (.text:COMPARATORA_ISR)
                  0000d29c    00000002     irupt.obj (.text:NMI_ISR)
                  0000d29e    00000002     irupt.obj (.text:PORT1_ISR)
                  0000d2a0    00000002     irupt.obj (.text:TIMERA1_ISR)
                  0000d2a2    00000002     irupt.obj (.text:TIMERB0_ISR)
                  0000d2a4    00000002     irupt.obj (.text:TIMERB1_ISR)
                  0000d2a6    00000002     irupt.obj (.text:USCIAB0RX_ISR)
                  0000d2a8    00000002     irupt.obj (.text:USCIAB0TX_ISR)
                  0000d2aa    00000002     irupt.obj (.text:WDT_ISR)
                  0000d2ac    00000002     rts430.lib : _lock.obj (.text:_nop)

.const     0    0000d2ae    00000156     
                  0000d2ae    00000156     core.obj (.const:.string)

.cinit     0    0000d404    0000008c     
                  0000d404    00000075     light.obj (.cinit)
                  0000d479    00000001     --HOLE-- [fill = 0]
                  0000d47a    00000014     core.obj (.cinit)
                  0000d48e    00000002     --HOLE-- [fill = 0]

PORT1      0    0000ffe4    00000002     
                  0000ffe4    00000002     irupt.obj (.int02)

PORT2      0    0000ffe6    00000002     
                  0000ffe6    00000002     comm.obj (.int03)

ADC12      0    0000ffea    00000002     
                  0000ffea    00000002     light.obj (.int05)

USCIAB0TX 
*          0    0000ffec    00000002     
                  0000ffec    00000002     irupt.obj (.int06)

USCIAB0RX 
*          0    0000ffee    00000002     
                  0000ffee    00000002     irupt.obj (.int07)

TIMERA1    0    0000fff0    00000002     
                  0000fff0    00000002     irupt.obj (.int08)

TIMERA0    0    0000fff2    00000002     
                  0000fff2    00000002     comm.obj (.int09)

WDT        0    0000fff4    00000002     
                  0000fff4    00000002     irupt.obj (.int10)

COMPARATORA 
*          0    0000fff6    00000002     
                  0000fff6    00000002     irupt.obj (.int11)

TIMERB1    0    0000fff8    00000002     
                  0000fff8    00000002     irupt.obj (.int12)

TIMERB0    0    0000fffa    00000002     
                  0000fffa    00000002     irupt.obj (.int13)

NMI        0    0000fffc    00000002     
                  0000fffc    00000002     irupt.obj (.int14)

.reset     0    0000fffe    00000002     
                  0000fffe    00000002     rts430.lib : boot.obj (.reset)


GLOBAL SYMBOLS: SORTED ALPHABETICALLY BY Name 

address    name
--------   ----
00000200   .bss
00000200   .data
0000c000   .text
000001a0   ADC12CTL0
000001a2   ADC12CTL1
000001a6   ADC12IE
000001a4   ADC12IFG
000001a8   ADC12IV
00000080   ADC12MCTL0
00000081   ADC12MCTL1
0000008a   ADC12MCTL10
0000008b   ADC12MCTL11
0000008c   ADC12MCTL12
0000008d   ADC12MCTL13
0000008e   ADC12MCTL14
0000008f   ADC12MCTL15
00000082   ADC12MCTL2
00000083   ADC12MCTL3
00000084   ADC12MCTL4
00000085   ADC12MCTL5
00000086   ADC12MCTL6
00000087   ADC12MCTL7
00000088   ADC12MCTL8
00000089   ADC12MCTL9
00000140   ADC12MEM0
00000142   ADC12MEM1
00000154   ADC12MEM10
00000156   ADC12MEM11
00000158   ADC12MEM12
0000015a   ADC12MEM13
0000015c   ADC12MEM14
0000015e   ADC12MEM15
00000144   ADC12MEM2
00000146   ADC12MEM3
00000148   ADC12MEM4
0000014a   ADC12MEM5
0000014c   ADC12MEM6
0000014e   ADC12MEM7
00000150   ADC12MEM8
00000152   ADC12MEM9
0000cce4   ADCConversion
00000057   BCSCTL1
00000058   BCSCTL2
00000053   BCSCTL3
0000d296   C$$EXIT
00000059   CACTL1
0000005a   CACTL2
000010fb   CALBC1_12MHZ
000010f9   CALBC1_16MHZ
000010ff   CALBC1_1MHZ
000010fd   CALBC1_8MHZ
000010fa   CALDCO_12MHZ
000010f8   CALDCO_16MHZ
000010fe   CALDCO_1MHZ
000010fc   CALDCO_8MHZ
0000005b   CAPD
0000d29a   COMPARATORA_ISR
00000056   DCOCTL
00000128   FCTL1
0000012a   FCTL2
0000012c   FCTL3
000001be   FCTL4
00000000   IE1
00000001   IE2
00000002   IFG1
00000003   IFG2
0000cfbe   I_ASR
0000cfe6   I_ASR_1
0000cfd4   I_ASR_10
0000cfd2   I_ASR_11
0000cfd0   I_ASR_12
0000cfce   I_ASR_13
0000cfcc   I_ASR_14
0000cfca   I_ASR_15
0000cfe4   I_ASR_2
0000cfe2   I_ASR_3
0000cfe0   I_ASR_4
0000cfde   I_ASR_5
0000cfdc   I_ASR_6
0000cfda   I_ASR_7
0000cfd8   I_ASR_8
0000cfd6   I_ASR_9
00000134   MAC
00000136   MACS
00000130   MPY
00000132   MPYS
0000d29c   NMI_ISR
00000138   OP2
00000022   P1DIR
00000025   P1IE
00000024   P1IES
00000023   P1IFG
00000020   P1IN
00000021   P1OUT
00000027   P1REN
00000026   P1SEL
0000002a   P2DIR
0000002d   P2IE
0000002c   P2IES
0000002b   P2IFG
00000028   P2IN
00000029   P2OUT
0000002f   P2REN
0000002e   P2SEL
0000001a   P3DIR
00000018   P3IN
00000019   P3OUT
00000010   P3REN
0000001b   P3SEL
0000001e   P4DIR
0000001c   P4IN
0000001d   P4OUT
00000011   P4REN
0000001f   P4SEL
00000032   P5DIR
00000030   P5IN
00000031   P5OUT
00000012   P5REN
00000033   P5SEL
00000036   P6DIR
00000034   P6IN
00000035   P6OUT
00000013   P6REN
00000037   P6SEL
0000d29e   PORT1_ISR
0000cb04   PORT2_ISR
0000013c   RESHI
0000013a   RESLO
0000013e   SUMEXT
00000055   SVSCTL
00000172   TACCR0
00000174   TACCR1
00000176   TACCR2
00000162   TACCTL0
00000164   TACCTL1
00000166   TACCTL2
00000160   TACTL
0000012e   TAIV
00000170   TAR
00000192   TBCCR0
00000194   TBCCR1
00000196   TBCCR2
00000182   TBCCTL0
00000184   TBCCTL1
00000186   TBCCTL2
00000180   TBCTL
0000011e   TBIV
00000190   TBR
0000c4e8   TIMERA0_ISR
0000d2a0   TIMERA1_ISR
0000d2a2   TIMERB0_ISR
0000d2a4   TIMERB1_ISR
000010db   TLV_ADC12_1_LEN
000010da   TLV_ADC12_1_TAG
000010c0   TLV_CHECKSUM
000010f7   TLV_DCO_30_LEN
000010f6   TLV_DCO_30_TAG
0000005d   UCA0ABCTL
00000062   UCA0BR0
00000063   UCA0BR1
00000060   UCA0CTL0
00000061   UCA0CTL1
0000005f   UCA0IRRCTL
0000005e   UCA0IRTCTL
00000064   UCA0MCTL
00000066   UCA0RXBUF
00000065   UCA0STAT
00000067   UCA0TXBUF
0000006a   UCB0BR0
0000006b   UCB0BR1
00000068   UCB0CTL0
00000069   UCB0CTL1
0000006c   UCB0I2CIE
00000118   UCB0I2COA
0000011a   UCB0I2CSA
0000006e   UCB0RXBUF
0000006d   UCB0STAT
0000006f   UCB0TXBUF
0000d2a6   USCIAB0RX_ISR
0000d2a8   USCIAB0TX_ISR
00000200   U_SP_SerialNum
00000120   WDTCTL
0000d2aa   WDT_ISR
00000a00   __STACK_END
00000050   __STACK_SIZE
00000001   __TI_args_main
00000001   __TI_auto_init
00000001   __TI_exit
ffffffff   __binit__
00000200   __bss__
ffffffff   __c_args__
0000d404   __cinit__
00000200   __data__
0000cfea   __divi
0000d1fa   __divu
00000200   __edata__
00000320   __end__
0000d2ae   __etext__
ffffffff   __pinit__
0000cfea   __remi
0000d1fa   __remu
0000c000   __text__
0000cc9e   _auto_init
0000d068   _c_int00
0000d068   _c_int00_noexit
0000031c   _cleanup_ptr
0000031e   _dtors_ptr
00000318   _lock
0000d2ac   _nop
0000fffe   _reset_vector
000009b0   _stack
0000d292   _system_pre_init
0000031a   _unlock
0000d296   abort
ffffffff   binit
0000d404   cinit
00000200   edata
00000320   end
0000d2ae   etext
0000d26a   func_epilog_1
0000d268   func_epilog_2
0000d266   func_epilog_3
0000d264   func_epilog_4
0000d262   func_epilog_5
0000d260   func_epilog_6
0000d25e   func_epilog_7
0000021c   g_128DataMsg
00000244   g_256DataMsg
00000214   g_32DataMsg
00000298   g_DeviceTransducers
00000230   g_LabelMsg
000002e8   g_ucCOMM_Flags
0000030f   g_ucRXBitsLeft
0000030e   g_ucRXBufferIndex
000002ee   g_ucaRXBuffer
00000288   g_ucaSoftwareVersion
00000314   g_uiAveCounter
000002e6   g_uiCounter
00000316   g_uiDummDumm
000002da   g_unADChannelA1
000002dc   g_unADChannelA2
000002de   g_unADChannelA3
000002e0   g_unADChannelA4
000002d8   g_unActiveChannelRequest
000002ea   g_unCOMM_BaudRateControl
000002ec   g_unCOMM_BaudRateDelayControl
000002e2   g_unTest1
000002e4   g_unTest2
00000204   g_unaCoreData
00000268   gp_tfSensorTable
0000d226   main
0000d0fa   main_SL1
0000ce64   main_SL12
0000d11c   main_SL2
0000d13e   main_SL3
0000ce96   main_SL3_SL1
0000cd26   main_SL3_SL12
0000cec8   main_SL3_SL2
0000d160   main_SL4
0000cefa   main_SL43
0000cd68   main_SL43_SL1
0000cc4c   main_SL43_SL12
0000cdaa   main_SL43_SL2
0000cf2c   main_SL4_SL1
0000cdec   main_SL4_SL12
0000cf5e   main_SL4_SL2
0000d1c4   main_Test
0000d23a   memcpy
ffffffff   pinit
00000312   uHardware_byte
0000d016   ucCOMM_Grab32BitDataMessageFromBuffer
00000310   ucRXParityBit
0000d182   ulFlash_GetSPID
0000cb78   unCORE_GetVoltage
0000c8fc   unLIGHT_ReadChannel_1
0000c982   unLIGHT_ReadChannel_2
0000c874   unLIGHT_ReadChannel_3
0000ca08   unLIGHT_ReadChannel_4
0000c7e2   vADC12_Init
0000d27e   vADC12_Shutdown
0000c5c4   vCOMM_Init
0000d08e   vCOMM_Send128BitDataMessage
0000d0b2   vCOMM_Send256BitDataMessage
0000d1a4   vCOMM_Send32BitDataMessage
0000c74c   vCOMM_SendByte
0000d0d6   vCOMM_SendLabelMessage
0000d24c   vCOMM_WaitFor32BitDataMessage
0000c69e   vCORE_Initilize
0000cbea   vCORE_InitilizeTransducerTable
0000c000   vCORE_Run
0000d1e0   vCORE_Send_ConfirmPKT
0000cf90   vFlash_DisIncorrect_BSLPW_Erase
0000ca8e   vFlash_GetBSLPW
0000d210   vFlash_init
0000d26e   vLight_Init
0000d288   vLight_Shutdown


GLOBAL SYMBOLS: SORTED BY Symbol Address 

address    name
--------   ----
00000000   IE1
00000001   IE2
00000001   __TI_args_main
00000001   __TI_auto_init
00000001   __TI_exit
00000002   IFG1
00000003   IFG2
00000010   P3REN
00000011   P4REN
00000012   P5REN
00000013   P6REN
00000018   P3IN
00000019   P3OUT
0000001a   P3DIR
0000001b   P3SEL
0000001c   P4IN
0000001d   P4OUT
0000001e   P4DIR
0000001f   P4SEL
00000020   P1IN
00000021   P1OUT
00000022   P1DIR
00000023   P1IFG
00000024   P1IES
00000025   P1IE
00000026   P1SEL
00000027   P1REN
00000028   P2IN
00000029   P2OUT
0000002a   P2DIR
0000002b   P2IFG
0000002c   P2IES
0000002d   P2IE
0000002e   P2SEL
0000002f   P2REN
00000030   P5IN
00000031   P5OUT
00000032   P5DIR
00000033   P5SEL
00000034   P6IN
00000035   P6OUT
00000036   P6DIR
00000037   P6SEL
00000050   __STACK_SIZE
00000053   BCSCTL3
00000055   SVSCTL
00000056   DCOCTL
00000057   BCSCTL1
00000058   BCSCTL2
00000059   CACTL1
0000005a   CACTL2
0000005b   CAPD
0000005d   UCA0ABCTL
0000005e   UCA0IRTCTL
0000005f   UCA0IRRCTL
00000060   UCA0CTL0
00000061   UCA0CTL1
00000062   UCA0BR0
00000063   UCA0BR1
00000064   UCA0MCTL
00000065   UCA0STAT
00000066   UCA0RXBUF
00000067   UCA0TXBUF
00000068   UCB0CTL0
00000069   UCB0CTL1
0000006a   UCB0BR0
0000006b   UCB0BR1
0000006c   UCB0I2CIE
0000006d   UCB0STAT
0000006e   UCB0RXBUF
0000006f   UCB0TXBUF
00000080   ADC12MCTL0
00000081   ADC12MCTL1
00000082   ADC12MCTL2
00000083   ADC12MCTL3
00000084   ADC12MCTL4
00000085   ADC12MCTL5
00000086   ADC12MCTL6
00000087   ADC12MCTL7
00000088   ADC12MCTL8
00000089   ADC12MCTL9
0000008a   ADC12MCTL10
0000008b   ADC12MCTL11
0000008c   ADC12MCTL12
0000008d   ADC12MCTL13
0000008e   ADC12MCTL14
0000008f   ADC12MCTL15
00000118   UCB0I2COA
0000011a   UCB0I2CSA
0000011e   TBIV
00000120   WDTCTL
00000128   FCTL1
0000012a   FCTL2
0000012c   FCTL3
0000012e   TAIV
00000130   MPY
00000132   MPYS
00000134   MAC
00000136   MACS
00000138   OP2
0000013a   RESLO
0000013c   RESHI
0000013e   SUMEXT
00000140   ADC12MEM0
00000142   ADC12MEM1
00000144   ADC12MEM2
00000146   ADC12MEM3
00000148   ADC12MEM4
0000014a   ADC12MEM5
0000014c   ADC12MEM6
0000014e   ADC12MEM7
00000150   ADC12MEM8
00000152   ADC12MEM9
00000154   ADC12MEM10
00000156   ADC12MEM11
00000158   ADC12MEM12
0000015a   ADC12MEM13
0000015c   ADC12MEM14
0000015e   ADC12MEM15
00000160   TACTL
00000162   TACCTL0
00000164   TACCTL1
00000166   TACCTL2
00000170   TAR
00000172   TACCR0
00000174   TACCR1
00000176   TACCR2
00000180   TBCTL
00000182   TBCCTL0
00000184   TBCCTL1
00000186   TBCCTL2
00000190   TBR
00000192   TBCCR0
00000194   TBCCR1
00000196   TBCCR2
000001a0   ADC12CTL0
000001a2   ADC12CTL1
000001a4   ADC12IFG
000001a6   ADC12IE
000001a8   ADC12IV
000001be   FCTL4
00000200   .bss
00000200   .data
00000200   U_SP_SerialNum
00000200   __bss__
00000200   __data__
00000200   __edata__
00000200   edata
00000204   g_unaCoreData
00000214   g_32DataMsg
0000021c   g_128DataMsg
00000230   g_LabelMsg
00000244   g_256DataMsg
00000268   gp_tfSensorTable
00000288   g_ucaSoftwareVersion
00000298   g_DeviceTransducers
000002d8   g_unActiveChannelRequest
000002da   g_unADChannelA1
000002dc   g_unADChannelA2
000002de   g_unADChannelA3
000002e0   g_unADChannelA4
000002e2   g_unTest1
000002e4   g_unTest2
000002e6   g_uiCounter
000002e8   g_ucCOMM_Flags
000002ea   g_unCOMM_BaudRateControl
000002ec   g_unCOMM_BaudRateDelayControl
000002ee   g_ucaRXBuffer
0000030e   g_ucRXBufferIndex
0000030f   g_ucRXBitsLeft
00000310   ucRXParityBit
00000312   uHardware_byte
00000314   g_uiAveCounter
00000316   g_uiDummDumm
00000318   _lock
0000031a   _unlock
0000031c   _cleanup_ptr
0000031e   _dtors_ptr
00000320   __end__
00000320   end
000009b0   _stack
00000a00   __STACK_END
000010c0   TLV_CHECKSUM
000010da   TLV_ADC12_1_TAG
000010db   TLV_ADC12_1_LEN
000010f6   TLV_DCO_30_TAG
000010f7   TLV_DCO_30_LEN
000010f8   CALDCO_16MHZ
000010f9   CALBC1_16MHZ
000010fa   CALDCO_12MHZ
000010fb   CALBC1_12MHZ
000010fc   CALDCO_8MHZ
000010fd   CALBC1_8MHZ
000010fe   CALDCO_1MHZ
000010ff   CALBC1_1MHZ
0000c000   .text
0000c000   __text__
0000c000   vCORE_Run
0000c4e8   TIMERA0_ISR
0000c5c4   vCOMM_Init
0000c69e   vCORE_Initilize
0000c74c   vCOMM_SendByte
0000c7e2   vADC12_Init
0000c874   unLIGHT_ReadChannel_3
0000c8fc   unLIGHT_ReadChannel_1
0000c982   unLIGHT_ReadChannel_2
0000ca08   unLIGHT_ReadChannel_4
0000ca8e   vFlash_GetBSLPW
0000cb04   PORT2_ISR
0000cb78   unCORE_GetVoltage
0000cbea   vCORE_InitilizeTransducerTable
0000cc4c   main_SL43_SL12
0000cc9e   _auto_init
0000cce4   ADCConversion
0000cd26   main_SL3_SL12
0000cd68   main_SL43_SL1
0000cdaa   main_SL43_SL2
0000cdec   main_SL4_SL12
0000ce64   main_SL12
0000ce96   main_SL3_SL1
0000cec8   main_SL3_SL2
0000cefa   main_SL43
0000cf2c   main_SL4_SL1
0000cf5e   main_SL4_SL2
0000cf90   vFlash_DisIncorrect_BSLPW_Erase
0000cfbe   I_ASR
0000cfca   I_ASR_15
0000cfcc   I_ASR_14
0000cfce   I_ASR_13
0000cfd0   I_ASR_12
0000cfd2   I_ASR_11
0000cfd4   I_ASR_10
0000cfd6   I_ASR_9
0000cfd8   I_ASR_8
0000cfda   I_ASR_7
0000cfdc   I_ASR_6
0000cfde   I_ASR_5
0000cfe0   I_ASR_4
0000cfe2   I_ASR_3
0000cfe4   I_ASR_2
0000cfe6   I_ASR_1
0000cfea   __divi
0000cfea   __remi
0000d016   ucCOMM_Grab32BitDataMessageFromBuffer
0000d068   _c_int00
0000d068   _c_int00_noexit
0000d08e   vCOMM_Send128BitDataMessage
0000d0b2   vCOMM_Send256BitDataMessage
0000d0d6   vCOMM_SendLabelMessage
0000d0fa   main_SL1
0000d11c   main_SL2
0000d13e   main_SL3
0000d160   main_SL4
0000d182   ulFlash_GetSPID
0000d1a4   vCOMM_Send32BitDataMessage
0000d1c4   main_Test
0000d1e0   vCORE_Send_ConfirmPKT
0000d1fa   __divu
0000d1fa   __remu
0000d210   vFlash_init
0000d226   main
0000d23a   memcpy
0000d24c   vCOMM_WaitFor32BitDataMessage
0000d25e   func_epilog_7
0000d260   func_epilog_6
0000d262   func_epilog_5
0000d264   func_epilog_4
0000d266   func_epilog_3
0000d268   func_epilog_2
0000d26a   func_epilog_1
0000d26e   vLight_Init
0000d27e   vADC12_Shutdown
0000d288   vLight_Shutdown
0000d292   _system_pre_init
0000d296   C$$EXIT
0000d296   abort
0000d29a   COMPARATORA_ISR
0000d29c   NMI_ISR
0000d29e   PORT1_ISR
0000d2a0   TIMERA1_ISR
0000d2a2   TIMERB0_ISR
0000d2a4   TIMERB1_ISR
0000d2a6   USCIAB0RX_ISR
0000d2a8   USCIAB0TX_ISR
0000d2aa   WDT_ISR
0000d2ac   _nop
0000d2ae   __etext__
0000d2ae   etext
0000d404   __cinit__
0000d404   cinit
0000fffe   _reset_vector
ffffffff   __binit__
ffffffff   __c_args__
ffffffff   __pinit__
ffffffff   binit
ffffffff   pinit

[296 symbols]
